iwmap 4
"script_startingnumber" 0
"000_Global" flags  active
"The Map" flags expanded 
// entity 0
{
guid "{6568EE58-93D7-479C-B82D-0E3BC8A5FF64}"
"classname" "worldspawn"
"evauto" "1"
"evmax" "8"
"evmin" "4"
"fogtime" ""
"fsi" "default"
"gravity" "800"
"lutmaterial" "luts_t7_default"
"numOmniShadowSlices" "24"
"numSpotShadowSlices" "64"
"secondsLerpToDarker" "1"
"secondsLerpToLighter" "1"
"sky_intensity_factor0" "1"
"sky_intensity_factor1" "1"
"state_alias_1" "State 1"
"state_alias_2" "State 2"
"state_alias_3" "State 3"
"state_alias_4" "State 4"
}
// entity 1
{
guid "{0215CF17-A47A-4513-B4CA-0B62876E259A}"
"classname" "fx"
"angles" "0 270 0"
"delay" "-27934"
"fxdef" "zombie/fx_elec_gen_idle_zmb"
"fxstate2" "0"
"fxstate3" "0"
"fxstate4" "0"
"origin" "574.817 -1664.3 130.703"
"fxstate1" "1"
"primaryLightFraction" "1"
"timescale" "1"
}
// entity 2
{
guid "{6AB01AE1-A1B7-40BB-A7EC-E61145089668}"
"classname" "fx"
"angles" "0 270 0"
"delay" "-20912"
"fxdef" "zombie/fx_elec_gen_tip_zmb"
"fxstate2" "0"
"fxstate3" "0"
"fxstate4" "0"
"origin" "-488 272 112"
"fxstate1" "1"
"primaryLightFraction" "1"
"timescale" "1"
}
// entity 3
{
guid "{EBB6761B-0C87-4457-81F0-EA2D4D55E72C}"
"classname" "fx"
"angles" "0 270 0"
"delay" "-16565"
"fxdef" "zombie/fx_elec_gen_tip_zmb"
"fxstate2" "0"
"fxstate3" "0"
"fxstate4" "0"
"origin" "-512.05 272.048 112"
"fxstate1" "1"
"primaryLightFraction" "1"
"timescale" "1"
}
// entity 4
{
guid "{365E19CC-8AAC-4562-A9F1-9C036960C868}"
"classname" "fx"
"angles" "0 270 0"
"delay" "-25837"
"fxdef" "zombie/fx_elec_gen_tip_zmb"
"fxstate2" "0"
"fxstate3" "0"
"fxstate4" "0"
"origin" "-536 272.065 112"
"fxstate1" "1"
"primaryLightFraction" "1"
"timescale" "1"
}
// entity 5
{
guid "{463AA2E9-8EA5-46AC-9623-76757ADF05A2}"
"classname" "fx"
"angles" "0 270 0"
"delay" "-22143"
"fxdef" "zombie/fx_elec_gen_tip_zmb"
"fxstate2" "0"
"fxstate3" "0"
"fxstate4" "0"
"origin" "-488 336 112"
"fxstate1" "1"
"primaryLightFraction" "1"
"timescale" "1"
}
// entity 6
{
guid "{BD7023CC-1E4E-4786-A33B-BE625600E439}"
"classname" "fx"
"angles" "0 270 0"
"delay" "-25741"
"fxdef" "zombie/fx_elec_gen_tip_zmb"
"fxstate2" "0"
"fxstate3" "0"
"fxstate4" "0"
"origin" "-488 400 112"
"fxstate1" "1"
"primaryLightFraction" "1"
"timescale" "1"
}
// entity 7
{
guid "{AC96D3F1-89E8-441F-91C9-950CF39E1C70}"
"classname" "fx"
"angles" "0 270 0"
"delay" "-28864"
"fxdef" "zombie/fx_elec_gen_tip_zmb"
"fxstate2" "0"
"fxstate3" "0"
"fxstate4" "0"
"origin" "-512.05 336 112"
"fxstate1" "1"
"primaryLightFraction" "1"
"timescale" "1"
}
// entity 8
{
guid "{CE13125A-F5B3-4437-BBA1-E19E4922A49F}"
"classname" "fx"
"angles" "0 270 0"
"delay" "-17734"
"fxdef" "zombie/fx_elec_gen_tip_zmb"
"fxstate2" "0"
"fxstate3" "0"
"fxstate4" "0"
"origin" "-536 336 112"
"fxstate1" "1"
"primaryLightFraction" "1"
"timescale" "1"
}
// entity 9
{
guid "{7E23849E-954E-4209-9CFE-DCC4340C5167}"
"classname" "fx"
"angles" "0 270 0"
"delay" "-29078"
"fxdef" "zombie/fx_elec_gen_tip_zmb"
"fxstate2" "0"
"fxstate3" "0"
"fxstate4" "0"
"origin" "-512.05 400.948 112"
"fxstate1" "1"
"primaryLightFraction" "1"
"timescale" "1"
}
// entity 10
{
guid "{65794FEC-F774-4A53-A47C-A22A4A130FFD}"
"classname" "fx"
"angles" "0 270 0"
"delay" "-19384"
"fxdef" "zombie/fx_elec_gen_tip_zmb"
"fxstate2" "0"
"fxstate3" "0"
"fxstate4" "0"
"origin" "-536 400.023 112"
"fxstate1" "1"
"primaryLightFraction" "1"
"timescale" "1"
}
// entity 11
{
guid "{D34915FC-6204-4D28-B878-12F7F8AB11FD}"
"classname" "fx"
"angles" "0 270 0"
"delay" "-15591"
"fxdef" "zombie/fx_elec_gen_idle_sm_zmb"
"fxstate2" "0"
"fxstate3" "0"
"fxstate4" "0"
"origin" "-512 302 79"
"fxstate1" "1"
"primaryLightFraction" "1"
"timescale" "1"
}
// entity 12
{
guid "{AFCBCC83-8C71-4B9D-91CC-59F114DD82BE}"
"classname" "fx"
"angles" "0 270 0"
"delay" "-29320"
"fxdef" "zombie/fx_teleport_flashback_zmb"
"origin" "2049.74 -230.125 94.8507"
"fxstate1" "1"
"fxstate2" "1"
"fxstate3" "1"
"fxstate4" "1"
"primaryLightFraction" "1"
"timescale" "1"
}
// entity 13
{
guid "{E0E24411-8A43-4109-B03B-EF5A759A8BF1}"
"classname" "fx"
"angles" "0 270 0"
"delay" "-24695"
"fxdef" "zombie/fx_teleport_flashback_zmb"
"origin" "2369.39 -231.794 94.8507"
"fxstate1" "1"
"fxstate2" "1"
"fxstate3" "1"
"fxstate4" "1"
"primaryLightFraction" "1"
"timescale" "1"
}
// entity 14
{
guid "{7EAC82DC-E5CE-46C8-ACF7-201238C86CD5}"
"classname" "fx"
"angles" "0 270 0"
"delay" "-21090"
"fxdef" "zombie/fx_teleport_flashback_zmb"
"origin" "2689.3 -231.34 94.8507"
"fxstate1" "1"
"fxstate2" "1"
"fxstate3" "1"
"fxstate4" "1"
"primaryLightFraction" "1"
"timescale" "1"
}
// entity 15
{
guid "{5C5F29BA-94BD-4CFE-8DEA-5603AA2C0C54}"
"classname" "fx"
"angles" "0 270 0"
"delay" "-22814"
"fxdef" "zombie/fx_teleport_flashback_zmb"
"origin" "3009.8 -237.889 94.8507"
"fxstate1" "1"
"fxstate2" "1"
"fxstate3" "1"
"fxstate4" "1"
"primaryLightFraction" "1"
"timescale" "1"
}
// entity 16
{
guid "{D029F9B2-5DCD-4738-968E-D21358E2D7DE}"
"classname" "fx"
"angles" "0 270 0"
"delay" "-21629"
"fxdef" "zombie/fx_elec_gen_tip_zmb"
"fxstate2" "0"
"fxstate3" "0"
"fxstate4" "0"
"origin" "552 -1628 162"
"fxstate1" "1"
"primaryLightFraction" "1"
"timescale" "1"
}
// entity 17
{
guid "{23515B02-4646-4246-822D-841290E8565B}"
"classname" "fx"
"angles" "0 270 0"
"delay" "-25428"
"fxdef" "zombie/fx_elec_gen_tip_zmb"
"fxstate2" "0"
"fxstate3" "0"
"fxstate4" "0"
"origin" "576.186 -1628 162"
"fxstate1" "1"
"primaryLightFraction" "1"
"timescale" "1"
}
// entity 18
{
guid "{A0207C2B-6FD0-4823-8A3D-D3A6548D33D9}"
"classname" "fx"
"angles" "0 270 0"
"delay" "-19460"
"fxdef" "zombie/fx_elec_gen_tip_zmb"
"fxstate2" "0"
"fxstate3" "0"
"fxstate4" "0"
"origin" "599.949 -1628 162"
"fxstate1" "1"
"primaryLightFraction" "1"
"timescale" "1"
}
// entity 19
{
guid "{2CBDD1FA-3CB8-4D4D-9BF9-A313BDEA57C6}"
"classname" "fx"
"angles" "0 270 0"
"delay" "-21706"
"fxdef" "zombie/fx_elec_gen_tip_zmb"
"fxstate2" "0"
"fxstate3" "0"
"fxstate4" "0"
"origin" "552 -1701.1 162"
"fxstate1" "1"
"primaryLightFraction" "1"
"timescale" "1"
}
// entity 20
{
guid "{E7829A63-D408-439C-98AD-E76DEAA0D3D1}"
"classname" "fx"
"angles" "0 270 0"
"delay" "-15476"
"fxdef" "zombie/fx_elec_gen_tip_zmb"
"fxstate2" "0"
"fxstate3" "0"
"fxstate4" "0"
"origin" "576.565 -1700.88 162"
"fxstate1" "1"
"primaryLightFraction" "1"
"timescale" "1"
}
// entity 21
{
guid "{5BAEEE9D-EA4A-45C1-913C-96454D02C653}"
"classname" "fx"
"angles" "0 270 0"
"delay" "-20901"
"fxdef" "zombie/fx_elec_gen_tip_zmb"
"fxstate2" "0"
"fxstate3" "0"
"fxstate4" "0"
"origin" "600.029 -1701 162"
"fxstate1" "1"
"primaryLightFraction" "1"
"timescale" "1"
}
// entity 22
{
guid "{2C104656-69D1-11E4-919F-E839353050F8}"
"classname" "fx"
"angles" "0 284.648 0"
"delay" "-19969"
"fxdef" "dirt/fx_dust_motes_tinhat_factory_zmb"
"fxstate2" "0"
"fxstate3" "0"
"fxstate4" "0"
"origin" "-557.129 -686.801 294.389"
"fxstate1" "1"
"primaryLightFraction" "1"
"timescale" "1"
}
// entity 23
{
guid "{5755D928-6E8A-11E4-BB38-E839353050F8}"
"classname" "fx"
"angles" "0 270 0"
"delay" "-26013"
"fxdef" "zombie/fx_elec_gen_idle_sm_zmb"
"fxstate2" "0"
"fxstate3" "0"
"fxstate4" "0"
"origin" "-512 366.126 79"
"fxstate1" "1"
"primaryLightFraction" "1"
"timescale" "1"
}
