iwmap 4
"script_startingnumber" 0
"000_Global" flags  active
"The Map" flags expanded 
// entity 0
{
guid "{0CE6F10D-57F9-489F-81DB-F806B1AF015A}"
"classname" "worldspawn"
"_color" "0.607843 0.615686 0.658824"
"ambient" "0.35"
"diffusefraction" "0.45"
"suncolor" "0.615686 0.807843 0.815686"
"sundiffusecolor" "0.3098 0.2745 0.3058"
"sundirection" "-153 -54 0"
"sunisprimarylight" "1"
"sunlight" "0.6"
"fsi" "default"
"gravity" "800"
"sky_intensity_factor0" "1"
"sky_intensity_factor1" "1"
"state_alias_1" "State 1"
"state_alias_2" "State 2"
"state_alias_3" "State 3"
"state_alias_4" "State 4"
}
// entity 1
{
guid "{EF249119-4F7C-4E63-A1B8-D86F95583A17}"
"classname" "misc_model"
"angles" "270 0 0"
"model" "p7_conduit_metal_1_straight_128"
"origin" "64 6 0"
"modelscale" "1"
}
// entity 2
{
guid "{C63E3776-20F9-4AE5-AC76-0A173C627E33}"
"classname" "misc_model"
"angles" "270 0 0"
"model" "p7_conduit_metal_1_straight_128"
"origin" "64 2 0"
"modelscale" "1"
}
// entity 3
{
guid "{F629B94A-1843-4DF9-B2A2-6207F0D6F75F}"
"classname" "misc_model"
"angles" "270 0 0"
"model" "p7_conduit_metal_1_straight_64"
"modelscale" "2"
"origin" "64 -3 -0.5"
}
// entity 4
{
guid "{10CF6C85-AE2D-4F80-B15D-144D9982C719}"
"classname" "misc_model"
"angles" "270 0 0"
"model" "p7_conduit_metal_1_straight_64"
"modelscale" "2"
"origin" "64 -6.5 -0.5"
}
// entity 5
{
guid "{F7494469-905E-4CEE-9F0B-42AB4AC949B9}"
"classname" "misc_model"
"angles" "360 90 90"
"model" "p7_conduit_metal_1_strap_lrg"
"origin" "0 2 0"
"modelscale" "1"
}
// entity 6
{
guid "{E6E4CF51-9916-4C84-9C03-3C9E8C47F05D}"
"classname" "misc_model"
"angles" "360 90 90"
"model" "p7_conduit_metal_1_strap_lrg"
"origin" "0 6 0"
"modelscale" "1"
}
// entity 7
{
guid "{3B1A2AA4-154A-4657-82DF-F3FFE4989721}"
"classname" "misc_model"
"angles" "360 90 90"
"model" "p7_conduit_metal_1_strap_lrg"
"modelscale" "2"
"origin" "0 -3 -0.5"
}
// entity 8
{
guid "{BDDE9983-4352-4879-BDD1-986B02BDC621}"
"classname" "misc_model"
"angles" "360 90 90"
"model" "p7_conduit_metal_1_strap_lrg"
"modelscale" "2"
"origin" "0 -6.5 -0.5"
}
