iwmap 4
"script_startingnumber" 0
"000_Global" flags  active
"The Map" flags expanded 
// entity 0
{
guid "{8B37CEED-7B1D-43B7-AA8E-63DE3D2B4090}"
"classname" "worldspawn"
"suncolor" "0.6352 0.7137 0.8"
"sundirection" "-153 -54 0"
"sunlight" "0.6"
"evmax" "31"
"evmin" "-32"
"fsi" "default"
"gravity" "800"
"lutmaterial" "luts_t7_default"
"sky_intensity_factor0" "1"
"sky_intensity_factor1" "1"
"state_alias_1" "State 1"
"state_alias_2" "State 2"
"state_alias_3" "State 3"
"state_alias_4" "State 4"
}
// entity 1
{
guid "{69D6C65E-157B-426B-BC7C-C5AC240168BA}"
"classname" "misc_model"
"model" "p7_pallet_wood_damaged"
"modelscale" "1.25"
}
// entity 2
{
guid "{2C92E543-B09E-4BA4-9B23-B93BD0413FF0}"
"classname" "misc_prefab"
"model" "_prefabs/zm/zm_giant/geo/zm_giant_barrel_closed_green_drk.map"
"origin" "15 -10 38"
}
// entity 3
{
guid "{2F4578FA-313D-476C-AA38-9320E85ACFE6}"
"classname" "misc_prefab"
"angles" "0 88.2989 0"
"model" "_prefabs/zm/zm_giant/geo/zm_giant_barrel_closed_green_drk.map"
"origin" "-14.7501 -14.0037 38"
}
