iwmap 4
"script_startingnumber" 0
"000_Global" flags  active
"The Map" flags expanded 
// entity 0
{
guid "{7204AF45-6EFB-11E5-9DDB-645106423E1C}"
"classname" "worldspawn"
"_ambientcolor" "1 1 1"
"_sunshadowcolor" "1 1 1"
"ambientintensity" "0.5"
"lightingquality" "1024"
"newsun" "1"
"samplescale" "1"
"skyboxmodel" "skybox_mp_treyarch"
"suncolor" "1 1 1"
"sundirection" "-70 172 0"
"sunlight" "8"
"sunshadowintensity" "3"
"fsi" "default"
"gravity" "800"
"lodbias" "default"
"lutmaterial" "luts_t7_default"
"numOmniShadowSlices" "24"
"numSpotShadowSlices" "64"
"sky_intensity_factor0" "1"
"sky_intensity_factor1" "1"
"state_alias_1" "State 1"
"state_alias_2" "State 2"
"state_alias_3" "State 3"
"state_alias_4" "State 4"
}
// entity 1
{
guid "{BC214D15-6B68-11E4-A0D7-E83935309773}"
"classname" "misc_model"
"angles" "356.251 270 90.0007"
"model" "p7_conduit_metal_1_coupling_screw"
"origin" "-7.55191 69.6371 30.3806"
"lightingstate1" "1"
"lightingstate2" "1"
"lightingstate3" "1"
"lightingstate4" "1"
"modelscale" "1"
"static" "1"
}
// entity 2
{
guid "{0D301FF4-6B69-11E4-A0D7-E83935309773}"
"classname" "misc_model"
"angles" "356.251 270 90.0007"
"model" "p7_conduit_metal_1_straight_4"
"origin" "-8.09969 69.6371 30.3808"
"lightingstate1" "1"
"lightingstate2" "1"
"lightingstate3" "1"
"lightingstate4" "1"
"modelscale" "1"
"static" "1"
}
// entity 3
{
guid "{14687441-6B69-11E4-A0D7-E83935309773}"
"classname" "misc_model"
"angles" "356.251 89.9999 90.0007"
"model" "p7_conduit_metal_1_coupling_screw"
"origin" "-12.38 69.6378 30.3808"
"lightingstate1" "1"
"lightingstate2" "1"
"lightingstate3" "1"
"lightingstate4" "1"
"modelscale" "1"
"static" "1"
}
// entity 4
{
guid "{5EA5A67E-6B69-11E4-A0D7-E83935309773}"
"classname" "misc_model"
"angles" "356.251 270 90.0007"
"model" "p7_conduit_metal_1_straight_4"
"origin" "-8.09969 69.6371 35.3681"
"lightingstate1" "1"
"lightingstate2" "1"
"lightingstate3" "1"
"lightingstate4" "1"
"modelscale" "1"
"static" "1"
}
// entity 5
{
guid "{5EA5A681-6B69-11E4-A0D7-E83935309773}"
"classname" "misc_model"
"angles" "356.251 89.9999 90.0007"
"model" "p7_conduit_metal_1_coupling_screw"
"origin" "-12.38 69.6378 35.3681"
"lightingstate1" "1"
"lightingstate2" "1"
"lightingstate3" "1"
"lightingstate4" "1"
"modelscale" "1"
"static" "1"
}
// entity 6
{
guid "{5EA5A67B-6B69-11E4-A0D7-E83935309773}"
"classname" "misc_model"
"angles" "356.251 270 90.0007"
"model" "p7_conduit_metal_1_coupling_screw"
"origin" "-7.55191 69.6371 35.3681"
"lightingstate1" "1"
"lightingstate2" "1"
"lightingstate3" "1"
"lightingstate4" "1"
"modelscale" "1"
"static" "1"
}
// entity 7
{
guid "{625A2519-6B6B-11E4-A0D7-E83935309773}"
"classname" "misc_model"
"angles" "89.9996 321.082 141.082"
"model" "p7_conduit_metal_1_straight_4"
"origin" "-7.02124 69.8105 45.4277"
"lightingstate1" "1"
"lightingstate2" "1"
"lightingstate3" "1"
"lightingstate4" "1"
"modelscale" "1"
"static" "1"
}
// entity 8
{
guid "{625A2522-6B6B-11E4-A0D7-E83935309773}"
"classname" "misc_model"
"angles" "88.9469 89.9911 -90.0089"
"model" "p7_conduit_metal_1_coupling_screw"
"origin" "-9.61607 69.8074 45.4117"
"lightingstate1" "1"
"lightingstate2" "1"
"lightingstate3" "1"
"lightingstate4" "1"
"modelscale" "1"
"static" "1"
}
// entity 9
{
guid "{73B09B77-6B6B-11E4-A0D7-E83935309773}"
"classname" "misc_model"
"angles" "0.000307359 180 -5.12257e-006"
"model" "p7_conduit_metal_1_straight_4"
"origin" "-14.0204 69.8105 38.4492"
"lightingstate1" "1"
"lightingstate2" "1"
"lightingstate3" "1"
"lightingstate4" "1"
"modelscale" "1"
"static" "1"
}
// entity 10
{
guid "{625A251C-6B6B-11E4-A0D7-E83935309773}"
"classname" "misc_model"
"angles" "3.81669e-007 178.948 0.000266376"
"model" "p7_conduit_metal_1_coupling_screw"
"origin" "-14.0126 69.8073 40.6257"
"lightingstate1" "1"
"lightingstate2" "1"
"lightingstate3" "1"
"lightingstate4" "1"
"modelscale" "1"
"static" "1"
}
// entity 11
{
guid "{625A251F-6B6B-11E4-A0D7-E83935309773}"
"classname" "misc_model"
"angles" "89.9996 321.082 141.082"
"model" "p7_conduit_metal_1_elbow90_short"
"origin" "-11.0186 69.8105 42.4277"
"lightingstate1" "1"
"lightingstate2" "1"
"lightingstate3" "1"
"lightingstate4" "1"
"modelscale" "1"
"static" "1"
}
// entity 12
{
guid "{5BD7BD3F-6B67-11E4-A0D7-E83935309773}"
"classname" "misc_model"
"angles" "270 217.365 142.636"
"model" "p7_conduit_metal_1_body_joint_x"
"origin" "-28.1431 66.875 49.3822"
"lightingstate1" "1"
"lightingstate2" "1"
"lightingstate3" "1"
"lightingstate4" "1"
"modelscale" "1"
"static" "1"
}
// entity 13
{
guid "{296227A1-6B66-11E4-A0D7-E83935309773}"
"classname" "misc_model"
"angles" "6.31792e-005 180 -180"
"model" "p7_conduit_metal_1_body_joint_tb"
"origin" "-10.2221 66.8751 15.8652"
"lightingstate1" "1"
"lightingstate2" "1"
"lightingstate3" "1"
"lightingstate4" "1"
"modelscale" "1"
"static" "1"
}
// entity 14
{
guid "{FDCF7CB2-6B6A-11E4-A0D7-E83935309773}"
"classname" "misc_model"
"angles" "88.9469 89.9911 -90.0089"
"model" "p7_conduit_metal_1_coupling_screw"
"origin" "-9.61607 66.9629 42.8559"
"lightingstate1" "1"
"lightingstate2" "1"
"lightingstate3" "1"
"lightingstate4" "1"
"modelscale" "1"
"static" "1"
}
// entity 15
{
guid "{E764FF91-6B6A-11E4-A0D7-E83935309773}"
"classname" "misc_model"
"angles" "89.9996 321.082 141.082"
"model" "p7_conduit_metal_1_straight_4"
"origin" "-7.52124 66.966 42.8725"
"lightingstate1" "1"
"lightingstate2" "1"
"lightingstate3" "1"
"lightingstate4" "1"
"modelscale" "1"
"static" "1"
}
// entity 16
{
guid "{B482F234-6B6A-11E4-A0D7-E83935309773}"
"classname" "misc_model"
"angles" "89.9996 321.082 141.082"
"model" "p7_conduit_metal_1_elbow90_short"
"origin" "-11.5186 66.966 39.872"
"lightingstate1" "1"
"lightingstate2" "1"
"lightingstate3" "1"
"lightingstate4" "1"
"modelscale" "1"
"static" "1"
}
// entity 17
{
guid "{B482F231-6B6A-11E4-A0D7-E83935309773}"
"classname" "misc_model"
"angles" "3.81669e-007 178.948 0.000266376"
"model" "p7_conduit_metal_1_coupling_screw"
"origin" "-14.5126 66.9628 39.936"
"lightingstate1" "1"
"lightingstate2" "1"
"lightingstate3" "1"
"lightingstate4" "1"
"modelscale" "1"
"static" "1"
}
// entity 18
{
guid "{AA4086C3-6B6B-11E4-A0D7-E83935309773}"
"classname" "misc_model"
"angles" "4.93054e-005 86.2509 -179.999"
"model" "p7_conduit_metal_1_coupling_screw"
"origin" "21.4752 69.7163 27.32"
"lightingstate1" "1"
"lightingstate2" "1"
"lightingstate3" "1"
"lightingstate4" "1"
"modelscale" "1"
"static" "1"
}
// entity 19
{
guid "{AA4086C0-6B6B-11E4-A0D7-E83935309773}"
"classname" "misc_model"
"angles" "4.93054e-005 176.251 -179.999"
"model" "p7_conduit_metal_1_straight_8"
"origin" "21.4709 69.7068 26.853"
"lightingstate1" "1"
"lightingstate2" "1"
"lightingstate3" "1"
"lightingstate4" "1"
"modelscale" "1"
"static" "1"
}
// entity 20
{
guid "{AA4086BD-6B6B-11E4-A0D7-E83935309773}"
"classname" "misc_model"
"angles" "360 3.74899 0.00064716"
"model" "p7_conduit_metal_1_coupling_screw"
"origin" "21.4716 69.7068 19.072"
"lightingstate1" "1"
"lightingstate2" "1"
"lightingstate3" "1"
"lightingstate4" "1"
"modelscale" "1"
"static" "1"
}
// entity 21
{
guid "{8CB9AAD7-6B6C-11E4-A0D7-E83935309773}"
"classname" "misc_model"
"angles" "360 3.74899 0.00064716"
"model" "p7_conduit_metal_1_coupling_screw"
"origin" "18.9716 69.7068 19.072"
"lightingstate1" "1"
"lightingstate2" "1"
"lightingstate3" "1"
"lightingstate4" "1"
"modelscale" "1"
"static" "1"
}
// entity 22
{
guid "{8CB9AADA-6B6C-11E4-A0D7-E83935309773}"
"classname" "misc_model"
"angles" "4.93054e-005 176.251 -179.999"
"model" "p7_conduit_metal_1_straight_8"
"origin" "18.9709 69.7068 26.853"
"lightingstate1" "1"
"lightingstate2" "1"
"lightingstate3" "1"
"lightingstate4" "1"
"modelscale" "1"
"static" "1"
}
// entity 23
{
guid "{8CB9AADD-6B6C-11E4-A0D7-E83935309773}"
"classname" "misc_model"
"angles" "4.93054e-005 86.2509 -179.999"
"model" "p7_conduit_metal_1_coupling_screw"
"origin" "18.9752 69.7163 27.32"
"lightingstate1" "1"
"lightingstate2" "1"
"lightingstate3" "1"
"lightingstate4" "1"
"modelscale" "1"
"static" "1"
}
// entity 24
{
guid "{CA85B2A1-6B6B-11E4-A0D7-E83935309773}"
"classname" "misc_model"
"angles" "89.9996 141.082 141.082"
"model" "p7_conduit_metal_1_straight_4"
"origin" "-28.4788 65.6895 47.928"
"lightingstate1" "1"
"lightingstate2" "1"
"lightingstate3" "1"
"lightingstate4" "1"
"modelscale" "1"
"static" "1"
}
// entity 25
{
guid "{CA85B2A4-6B6B-11E4-A0D7-E83935309773}"
"classname" "misc_model"
"angles" "3.81669e-007 358.948 0.000266376"
"model" "p7_conduit_metal_1_coupling_screw"
"origin" "-21.4874 65.6927 40.626"
"lightingstate1" "1"
"lightingstate2" "1"
"lightingstate3" "1"
"lightingstate4" "1"
"modelscale" "1"
"static" "1"
}
// entity 26
{
guid "{CA85B2AD-6B6B-11E4-A0D7-E83935309773}"
"classname" "misc_model"
"angles" "0.000307359 360 -5.12289e-006"
"model" "p7_conduit_metal_1_straight_4"
"origin" "-21.4796 65.6895 40.949"
"lightingstate1" "1"
"lightingstate2" "1"
"lightingstate3" "1"
"lightingstate4" "1"
"modelscale" "1"
"static" "1"
}
// entity 27
{
guid "{CA85B2A7-6B6B-11E4-A0D7-E83935309773}"
"classname" "misc_model"
"angles" "89.9996 141.082 141.082"
"model" "p7_conduit_metal_1_elbow90_short"
"origin" "-24.4814 65.6895 44.928"
"lightingstate1" "1"
"lightingstate2" "1"
"lightingstate3" "1"
"lightingstate4" "1"
"modelscale" "1"
"static" "1"
}
// entity 28
{
guid "{CA85B2AA-6B6B-11E4-A0D7-E83935309773}"
"classname" "misc_model"
"angles" "88.9469 269.991 -90.009"
"model" "p7_conduit_metal_1_coupling_screw"
"origin" "-25.8839 65.6926 47.912"
"lightingstate1" "1"
"lightingstate2" "1"
"lightingstate3" "1"
"lightingstate4" "1"
"modelscale" "1"
"static" "1"
}
// entity 29
{
guid "{ADEA69BF-6B66-11E4-A0D7-E83935309773}"
"classname" "misc_model"
"angles" "3.81669e-007 360 0.000266377"
"model" "p7_conduit_metal_1_coupling_screw"
"origin" "-10.2182 65.8629 26.875"
"lightingstate1" "1"
"lightingstate2" "1"
"lightingstate3" "1"
"lightingstate4" "1"
"modelscale" "1"
"static" "1"
}
// entity 30
{
guid "{851A221F-6B66-11E4-A0D7-E83935309773}"
"classname" "misc_model"
"angles" "2.56725e-006 360 0.000266377"
"model" "p7_conduit_metal_1_straight_32"
"origin" "-10.2177 65.875 14.375"
"lightingstate1" "1"
"lightingstate2" "1"
"lightingstate3" "1"
"lightingstate4" "1"
"modelscale" "1"
"static" "1"
}
// entity 31
{
guid "{BC214D12-6B68-11E4-A0D7-E83935309773}"
"classname" "misc_model"
"angles" "89.9996 141.082 141.082"
"model" "p7_conduit_metal_1_elbow90_short"
"origin" "-13.2208 65.875 46.372"
"lightingstate1" "1"
"lightingstate2" "1"
"lightingstate3" "1"
"lightingstate4" "1"
"modelscale" "1"
"static" "1"
}
// entity 32
{
guid "{1F21DF16-6B67-11E4-A0D7-E83935309773}"
"classname" "misc_model"
"angles" "270 257.603 102.397"
"model" "p7_conduit_metal_1_coupling_ribbed"
"origin" "-14.0487 65.875 49.3781"
"lightingstate1" "1"
"lightingstate2" "1"
"lightingstate3" "1"
"lightingstate4" "1"
"modelscale" "1"
"static" "1"
}
// entity 33
{
guid "{2DB9BFC7-6B67-11E4-A0D7-E83935309773}"
"classname" "misc_model"
"angles" "270 217.365 142.636"
"model" "p7_conduit_metal_1_straight_8"
"origin" "-13.7074 65.875 49.3822"
"lightingstate1" "1"
"lightingstate2" "1"
"lightingstate3" "1"
"lightingstate4" "1"
"modelscale" "1"
"static" "1"
}
// entity 34
{
guid "{86DB0148-6B68-11E4-A0D7-E83935309773}"
"classname" "misc_model"
"angles" "270 217.365 142.636"
"model" "p7_conduit_metal_1_straight_4"
"origin" "-21.702 65.875 49.382"
"lightingstate1" "1"
"lightingstate2" "1"
"lightingstate3" "1"
"lightingstate4" "1"
"modelscale" "1"
"static" "1"
}
// entity 35
{
guid "{D51CB9CC-6B6C-11E4-A0D7-E83935309773}"
"classname" "misc_model"
"angles" "89.9998 10.3813 10.3815"
"model" "p7_conduit_metal_1_coupling_screw"
"origin" "-0.125032 -67.6371 35.2182"
"lightingstate1" "1"
"lightingstate2" "1"
"lightingstate3" "1"
"lightingstate4" "1"
"modelscale" "1"
"static" "1"
}
// entity 36
{
guid "{97E5AD74-6B65-11E4-A0D7-E83935309773}"
"classname" "misc_model"
"angles" "360 270 180"
"model" "p7_conduit_metal_1_outlet_plug_cover"
"origin" "-26.75 73.5 44.25"
"lightingstate1" "1"
"lightingstate2" "1"
"lightingstate3" "1"
"lightingstate4" "1"
"modelscale" "1"
"static" "1"
}
// entity 37
{
guid "{A50E7DB0-6B68-11E4-A0D7-E83935309773}"
"classname" "misc_model"
"angles" "3.81669e-007 93.7495 0.000266376"
"model" "p7_conduit_metal_1_coupling_screw"
"origin" "-10.2182 65.8629 39.4359"
"lightingstate1" "1"
"lightingstate2" "1"
"lightingstate3" "1"
"lightingstate4" "1"
"modelscale" "1"
"static" "1"
}
// entity 38
{
guid "{7C0E297D-6B64-11E4-A0D7-E83935309773}"
"classname" "misc_model"
"angles" "57.8001 270 -90"
"model" "p7_pipe_pvc_drain_16_orange"
"modelscale" "1.16999995708466"
"origin" "-13.375 68.3575 23.0583"
"lightingstate1" "1"
"lightingstate2" "1"
"lightingstate3" "1"
"lightingstate4" "1"
"static" "1"
}
// entity 39
{
guid "{2B1C0F87-6B65-11E4-A0D7-E83935309773}"
"classname" "misc_model"
"angles" "1.00179e-005 360 -3.41502e-006"
"model" "p7_pipe_pvc_drain_elbow_end_orange"
"modelscale" "1.16999995708466"
"origin" "5 68.1371 23.029"
"lightingstate1" "1"
"lightingstate2" "1"
"lightingstate3" "1"
"lightingstate4" "1"
"static" "1"
}
// entity 40
{
guid "{7C0E297A-6B64-11E4-A0D7-E83935309773}"
"classname" "misc_model"
"angles" "0.000239484 90 180"
"model" "p7_pipe_pvc_drain_elbow_end_orange"
"modelscale" "1.16999995708466"
"origin" "-17.8629 64 44.4713"
"lightingstate1" "1"
"lightingstate2" "1"
"lightingstate3" "1"
"lightingstate4" "1"
"static" "1"
}
// entity 41
{
guid "{C77479FF-6B64-11E4-A0D7-E83935309773}"
"classname" "misc_model"
"angles" "360 180 -3.41501e-006"
"model" "p7_pipe_pvc_drain_elbow_end_orange"
"modelscale" "1.16999995708466"
"origin" "-13 68.3629 23.029"
"lightingstate1" "1"
"lightingstate2" "1"
"lightingstate3" "1"
"lightingstate4" "1"
"static" "1"
}
// entity 42
{
guid "{95D51D33-6B62-11E4-A0D7-E83935309773}"
"classname" "misc_model"
"angles" "270 89.7989 -179.799"
"model" "p7_pipe_pvc_drain_elbow_end_orange"
"modelscale" "2.20000004768372"
"origin" "17.6371 -71.0962 34.125"
"lightingstate1" "1"
"lightingstate2" "1"
"lightingstate3" "1"
"lightingstate4" "1"
"static" "1"
}
// entity 43
{
guid "{1C5A74DB-6B63-11E4-A0D7-E83935309773}"
"classname" "misc_model"
"angles" "270 89.7989 -179.799"
"model" "p7_pipe_pvc_drain_elbow_end_orange"
"modelscale" "2.20000004768372"
"origin" "-17.6945 -71.0962 34.125"
"lightingstate1" "1"
"lightingstate2" "1"
"lightingstate3" "1"
"lightingstate4" "1"
"static" "1"
}
// entity 44
{
guid "{1C5A74DE-6B63-11E4-A0D7-E83935309773}"
"classname" "misc_model"
"angles" "0 158.797 180"
"model" "p7_pipe_pvc_drain_16_orange"
"modelscale" "2.20000004768372"
"origin" "-17.6265 -70.7415 34.25"
"lightingstate1" "1"
"lightingstate2" "1"
"lightingstate3" "1"
"lightingstate4" "1"
"static" "1"
}
// entity 45
{
guid "{B91EEA55-6B62-11E4-A0D7-E83935309773}"
"classname" "misc_model"
"angles" "0 88.6983 180"
"model" "p7_pipe_pvc_drain_16_orange"
"modelscale" "2.20000004768372"
"origin" "17.6377 -70.9716 34.25"
"lightingstate1" "1"
"lightingstate2" "1"
"lightingstate3" "1"
"lightingstate4" "1"
"static" "1"
}
// entity 46
{
guid "{16156068-6B63-11E4-A0D7-E83935309773}"
"classname" "misc_model"
"angles" "0 24.8983 -180"
"model" "p7_pipe_pvc_drain_16_orange"
"modelscale" "2.20000004768372"
"origin" "-0.0835714 -70.9781 36.3978"
"lightingstate1" "1"
"lightingstate2" "1"
"lightingstate3" "1"
"lightingstate4" "1"
"static" "1"
}
// entity 47
{
guid "{16156065-6B63-11E4-A0D7-E83935309773}"
"classname" "misc_model"
"angles" "270 89.7989 -179.799"
"model" "p7_pipe_pvc_drain_elbow_end_orange"
"modelscale" "2.20000004768372"
"origin" "-0.0856209 -71.0962 34.125"
"lightingstate1" "1"
"lightingstate2" "1"
"lightingstate3" "1"
"lightingstate4" "1"
"static" "1"
}
// entity 48
{
guid "{C3EFE571-6AC5-11E4-A0D7-E83935309773}"
"classname" "misc_model"
"angles" "0 180 0"
"lighting_origin_range" "0.5"
"model" "p7_pump_water_treatment_01"
"origin" "0 0 17"
"umbra_target_only" "1"
"lightingstate1" "1"
"lightingstate2" "1"
"lightingstate3" "1"
"lightingstate4" "1"
"modelscale" "1"
"static" "1"
}
